insert 1
insert 2
insert 3
insert 4
insert 5
insert 6
insert 7
insert 8
insert 9
insert 10
insert 11
insert 12
insert 13
insert 14
insert 15
remove 15
remove 14
remove 13
remove 12
remove 11
remove 10
remove 9
remove 8
remove 7
remove 6
remove 5
remove 4
remove 3
remove 2
remove 1
